// Jest Snapshot v1, https://goo.gl/fbAQLP

exports[`Defaults are correctly set 1`] = `
{
  "Parameters": {
    "BootstrapVersion": {
      "Default": "/cdk-bootstrap/hnb659fds/version",
      "Description": "Version of the CDK Bootstrap resources in this environment, automatically retrieved from SSM Parameter Store. [cdk:skip]",
      "Type": "AWS::SSM::Parameter::Value<String>",
    },
  },
  "Resources": {
    "AWS679f53fac002430cb0da5b7982bd22872D164C4C": {
      "DependsOn": [
        "AWS679f53fac002430cb0da5b7982bd2287ServiceRoleC1EA0FF2",
      ],
      "Properties": {
        "Code": {
          "S3Bucket": {
            "Fn::Sub": "cdk-hnb659fds-assets-\${AWS::AccountId}-\${AWS::Region}",
          },
          "S3Key": "099a3112386fa620b3069790dcf92c8e64bb5341760a8b0a76bfa843f8ad41df.zip",
        },
        "Handler": "index.handler",
        "Role": {
          "Fn::GetAtt": [
            "AWS679f53fac002430cb0da5b7982bd2287ServiceRoleC1EA0FF2",
            "Arn",
          ],
        },
        "Runtime": "nodejs18.x",
        "Timeout": 120,
      },
      "Type": "AWS::Lambda::Function",
    },
    "AWS679f53fac002430cb0da5b7982bd2287ServiceRoleC1EA0FF2": {
      "Properties": {
        "AssumeRolePolicyDocument": {
          "Statement": [
            {
              "Action": "sts:AssumeRole",
              "Effect": "Allow",
              "Principal": {
                "Service": "lambda.amazonaws.com",
              },
            },
          ],
          "Version": "2012-10-17",
        },
        "ManagedPolicyArns": [
          {
            "Fn::Join": [
              "",
              [
                "arn:",
                {
                  "Ref": "AWS::Partition",
                },
                ":iam::aws:policy/service-role/AWSLambdaBasicExecutionRole",
              ],
            ],
          },
        ],
      },
      "Type": "AWS::IAM::Role",
    },
    "S3AssetS3AssetcleanupCleanup50EC0451": {
      "DeletionPolicy": "Delete",
      "DependsOn": [
        "S3AssetS3AssetcleanupCleanupCustomResourcePolicyA16CEEE3",
      ],
      "Properties": {
        "Create": {
          "Fn::Join": [
            "",
            [
              "{"service":"STS","action":"getCallerIdentity","physicalResourceId":{"id":"",
              {
                "Fn::Sub": "cdk-hnb659fds-assets-\${AWS::AccountId}-\${AWS::Region}",
              },
              "/67112e5ff5d3625c22aa8596601f13df219842137f67b26be9ff15dd67ee2016.zip"}}",
            ],
          ],
        },
        "Delete": {
          "Fn::Join": [
            "",
            [
              "{"service":"S3","action":"deleteObject","parameters":{"Bucket":"",
              {
                "Fn::Sub": "cdk-hnb659fds-assets-\${AWS::AccountId}-\${AWS::Region}",
              },
              "","Key":"67112e5ff5d3625c22aa8596601f13df219842137f67b26be9ff15dd67ee2016.zip"}}",
            ],
          ],
        },
        "InstallLatestAwsSdk": false,
        "ServiceToken": {
          "Fn::GetAtt": [
            "AWS679f53fac002430cb0da5b7982bd22872D164C4C",
            "Arn",
          ],
        },
        "Update": {
          "Fn::Join": [
            "",
            [
              "{"service":"STS","action":"getCallerIdentity","physicalResourceId":{"id":"",
              {
                "Fn::Sub": "cdk-hnb659fds-assets-\${AWS::AccountId}-\${AWS::Region}",
              },
              "/67112e5ff5d3625c22aa8596601f13df219842137f67b26be9ff15dd67ee2016.zip"}}",
            ],
          ],
        },
      },
      "Type": "Custom::AWS",
      "UpdateReplacePolicy": "Delete",
    },
    "S3AssetS3AssetcleanupCleanupCustomResourcePolicyA16CEEE3": {
      "Properties": {
        "PolicyDocument": {
          "Statement": [
            {
              "Action": "sts:GetCallerIdentity",
              "Effect": "Allow",
              "Resource": "*",
            },
            {
              "Action": "s3:DeleteObject",
              "Effect": "Allow",
              "Resource": "*",
            },
          ],
          "Version": "2012-10-17",
        },
        "PolicyName": "S3AssetS3AssetcleanupCleanupCustomResourcePolicyA16CEEE3",
        "Roles": [
          {
            "Ref": "AWS679f53fac002430cb0da5b7982bd2287ServiceRoleC1EA0FF2",
          },
        ],
      },
      "Type": "AWS::IAM::Policy",
    },
  },
  "Rules": {
    "CheckBootstrapVersion": {
      "Assertions": [
        {
          "Assert": {
            "Fn::Not": [
              {
                "Fn::Contains": [
                  [
                    "1",
                    "2",
                    "3",
                    "4",
                    "5",
                  ],
                  {
                    "Ref": "BootstrapVersion",
                  },
                ],
              },
            ],
          },
          "AssertDescription": "CDK bootstrap stack version 6 required. Please run 'cdk bootstrap' with a recent version of the CDK CLI.",
        },
      ],
    },
  },
}
`;
